((rand . T) (randarray . T) (printarray . T) (zeroarray . T) (adj2csr . T)
 (main . T))
