((main . T) (mod) (fill_array . T) (bitwise_or . T) (adler32 . T))
