((pack . T) (print_array . T) (swap_cond . T) (main . T))
