((matget . T) (mod) (determinant . T) (inverse . T) (main . T) (printarray . T))
