((rand . T) (randarray . T) (printarray . T) (matmul . T) (main . T))
