((abs) (mod) (gcd . T) (lcm . T) (orders . T) (main . T))
