((RaySphereIntersection . T) (DotProduct) (main . T))
