((main . T) (mod) (gcd . T) (relative_primes . T))
