((printUnmarked . T) (findNextP . T) (markMultiples . T) (populateTable . T)
 (printPrimesUpTo . T) (main . T))
